src/middleware/auth.ts(3,35): error TS2307: Cannot find module '../../../shared/errors' or its corresponding type declarations.
src/routes/follow.ts(11,54): error TS2345: Argument of type '(req: Request, res: Response) => Promise<Response<any, Record<string, any>> | undefined>' is not assignable to parameter of type '(req: Request<ParamsDictionary, any, any, ParsedQs, Record<string, any>>, res: Response<any, Record<string, any>>, next: NextFunction) => Promise<...>'.
  Type 'Promise<Response<any, Record<string, any>> | undefined>' is not assignable to type 'Promise<void>'.
    Type 'Response<any, Record<string, any>> | undefined' is not assignable to type 'void'.
      Type 'Response<any, Record<string, any>>' is not assignable to type 'void'.
